// Jest Snapshot v1, https://goo.gl/fbAQLP

exports[`PoolFactory gas tests #createPool 1`] = `7039011`;
