// Jest Snapshot v1, https://goo.gl/fbAQLP

exports[`PositionRouter gas tests createIncreasePosition 1`] = `213428`;

exports[`PositionRouter gas tests executeIncreasePosition 1`] = `87900`;
