// Jest Snapshot v1, https://goo.gl/fbAQLP

exports[`LiquidityPositionUtil gas tests #calculatePositionUnrealizedLoss entry time is greater than last zero loss time 1`] = `545`;

exports[`LiquidityPositionUtil gas tests #calculatePositionUnrealizedLoss entry time is not greater than last zero loss time unrealized loss is greater than WAM unrealized loss 1`] = `1154`;

exports[`LiquidityPositionUtil gas tests #calculatePositionUnrealizedLoss entry time is not greater than last zero loss time unrealized loss is less than WAM unrealized loss 1`] = `788`;

exports[`LiquidityPositionUtil gas tests #calculateRealizedPnLAndNextEntryPriceX96 the side of the trader's position adjustment is different from the side of global liquidity position 1`] = `751`;

exports[`LiquidityPositionUtil gas tests #calculateRealizedPnLAndNextEntryPriceX96 the side of the trader's position adjustment is different from the side of global liquidity position 2`] = `272`;

exports[`LiquidityPositionUtil gas tests #calculateRealizedPnLAndNextEntryPriceX96 the side of the trader's position adjustment is different from the side of global liquidity position 3`] = `783`;

exports[`LiquidityPositionUtil gas tests #calculateRealizedPnLAndNextEntryPriceX96 the side of the trader's position adjustment is different from the side of global liquidity position 4`] = `916`;

exports[`LiquidityPositionUtil gas tests #calculateRealizedPnLAndNextEntryPriceX96 the side of the trader's position adjustment is different from the side of global liquidity position 5`] = `673`;

exports[`LiquidityPositionUtil gas tests #calculateRealizedPnLAndNextEntryPriceX96 the side of the trader's position adjustment is different from the side of global liquidity position 6`] = `272`;

exports[`LiquidityPositionUtil gas tests #calculateRealizedPnLAndNextEntryPriceX96 the side of the trader's position adjustment is different from the side of global liquidity position 7`] = `673`;

exports[`LiquidityPositionUtil gas tests #calculateRealizedPnLAndNextEntryPriceX96 the side of the trader's position adjustment is different from the side of global liquidity position 8`] = `985`;

exports[`LiquidityPositionUtil gas tests #calculateRealizedPnLAndNextEntryPriceX96 the sum of netSize and liquidationBufferNetSize is positive and the side of the trader's position adjustment is same as the side of global liquidity position 1`] = `751`;

exports[`LiquidityPositionUtil gas tests #calculateRealizedPnLAndNextEntryPriceX96 the sum of netSize and liquidationBufferNetSize is positive and the side of the trader's position adjustment is same as the side of global liquidity position 2`] = `774`;

exports[`LiquidityPositionUtil gas tests #calculateRealizedPnLAndNextEntryPriceX96 the sum of netSize and liquidationBufferNetSize is positive and the side of the trader's position adjustment is same as the side of global liquidity position 3`] = `1029`;

exports[`LiquidityPositionUtil gas tests #calculateRealizedPnLAndNextEntryPriceX96 the sum of netSize and liquidationBufferNetSize is positive and the side of the trader's position adjustment is same as the side of global liquidity position 4`] = `673`;

exports[`LiquidityPositionUtil gas tests #calculateRealizedPnLAndNextEntryPriceX96 the sum of netSize and liquidationBufferNetSize is positive and the side of the trader's position adjustment is same as the side of global liquidity position 5`] = `696`;

exports[`LiquidityPositionUtil gas tests #calculateRealizedPnLAndNextEntryPriceX96 the sum of netSize and liquidationBufferNetSize is positive and the side of the trader's position adjustment is same as the side of global liquidity position 6`] = `950`;

exports[`LiquidityPositionUtil gas tests #calculateRealizedPnLAndNextEntryPriceX96 the sum of netSize and liquidationBufferNetSize is zero 1`] = `226`;

exports[`LiquidityPositionUtil gas tests #calculateRealizedPnLAndNextEntryPriceX96 the sum of netSize and liquidationBufferNetSize is zero 2`] = `226`;

exports[`LiquidityPositionUtil gas tests #calculateRealizedPnLAndNextEntryPriceX96 the sum of netSize and liquidationBufferNetSize is zero 3`] = `482`;

exports[`LiquidityPositionUtil gas tests #calculateRealizedPnLAndNextEntryPriceX96 the sum of netSize and liquidationBufferNetSize is zero 4`] = `481`;

exports[`LiquidityPositionUtil gas tests #calculateRealizedPnLAndNextEntryPriceX96 the sum of netSize and liquidationBufferNetSize is zero 5`] = `226`;

exports[`LiquidityPositionUtil gas tests #calculateRealizedPnLAndNextEntryPriceX96 the sum of netSize and liquidationBufferNetSize is zero 6`] = `226`;

exports[`LiquidityPositionUtil gas tests #calculateRealizedPnLAndNextEntryPriceX96 the sum of netSize and liquidationBufferNetSize is zero 7`] = `481`;

exports[`LiquidityPositionUtil gas tests #calculateRealizedPnLAndNextEntryPriceX96 the sum of netSize and liquidationBufferNetSize is zero 8`] = `482`;

exports[`LiquidityPositionUtil gas tests #decreaseRiskBufferFundPosition 1`] = `46104`;

exports[`LiquidityPositionUtil gas tests #increaseRiskBufferFundPosition 1`] = `91921`;

exports[`LiquidityPositionUtil gas tests #increaseRiskBufferFundPosition 2`] = `40621`;

exports[`LiquidityPositionUtil gas tests #increaseRiskBufferFundPosition 3`] = `57721`;

exports[`LiquidityPositionUtil gas tests #updateUnrealizedLossMetrics current unrealized loss is not zero liquidity delta is negative 1`] = `26468`;

exports[`LiquidityPositionUtil gas tests #updateUnrealizedLossMetrics current unrealized loss is not zero liquidity delta is positive 1`] = `67229`;

exports[`LiquidityPositionUtil gas tests #updateUnrealizedLossMetrics current unrealized loss is not zero liquidity delta is zero 1`] = `24542`;

exports[`LiquidityPositionUtil gas tests #updateUnrealizedLossMetrics current unrealized loss is zero metrics before is not zero 1`] = `27569`;

exports[`LiquidityPositionUtil gas tests #updateUnrealizedLossMetrics current unrealized loss is zero metrics before is zero 1`] = `46669`;
